$ cargo test

[stdout]
running 4 tests
test tests::health_returns_ok ... ok
test tests::validation_errors_are_structured ... ok
test tests::conversations_and_messages_persist ... ok
test tests::send_message_uses_mock_openrouter_and_saves_both_messages ... ok

test result: ok. 4 passed; 0 failed; 0 ignored; 0 measured; 0 filtered out; finished in 0.01s


running 0 tests

test result: ok. 0 passed; 0 failed; 0 ignored; 0 measured; 0 filtered out; finished in 0.00s


running 1 test
test stream_uses_mocked_openrouter_and_persists_assistant_reply ... ok

test result: ok. 1 passed; 0 failed; 0 ignored; 0 measured; 0 filtered out; finished in 0.01s


running 0 tests

test result: ok. 0 passed; 0 failed; 0 ignored; 0 measured; 0 filtered out; finished in 0.00s

[stderr]
Finished `test` profile [unoptimized + debuginfo] target(s) in 0.31s
     Running unittests src\lib.rs (target\debug\deps\gpt_copy_v5_backend-8e68dcfdcbeb6ebd.exe)
     Running unittests src\main.rs (target\debug\deps\gpt_copy_v5_backend-44d00c9803edbbfc.exe)
     Running tests\api.rs (target\debug\deps\api-9ad5585962832de1.exe)
   Doc-tests gpt_copy_v5_backend
